hello
java
scala
world
